? cannot open or parse 'golois/Goemate990902-15.sgf'

?1 vertex must not be empty

? cannot open or parse 'golois/Goemate990902-5.sgf'

?2 vertex must not be empty

? cannot open or parse 'golois/Goemate990904-4.sgf'

?3 vertex must not be empty

? cannot open or parse 'golois/Goemate991109-1.sgf'

?4 vertex must not be empty

? cannot open or parse 'golois/Handtalk980821-2.sgf'

?5 vertex must not be empty

? cannot open or parse 'golois/Handtalk980821-2.sgf'

?6 vertex must not be empty

? cannot open or parse 'golois/Handtalk980821-2.sgf'

?7 vertex must not be empty

? cannot open or parse 'golois/Handtalk980824-1.sgf'

?8 vertex must not be empty

? cannot open or parse 'golois/Handtalk980826-1.sgf'

?9 vertex must not be empty

? cannot open or parse 'golois/Jimmy990711-2.sgf'

?10 vertex must not be empty

? cannot open or parse 'golois/knippel.sgf'

?11 vertex must not be empty

? cannot open or parse 'golois/ko990604.sgf'

?12 vertex must not be empty

? cannot open or parse 'golois/Prendre990424-1.sgf'

?13 vertex must not be empty

? cannot open or parse 'golois/Prendre990430-1.sgf'

?14 vertex must not be empty

? cannot open or parse 'golois/Prendre990502-1.sgf'

?15 vertex must not be empty

? cannot open or parse 'golois/Prendre990630-1.sgf'

?16 vertex must not be empty

? cannot open or parse 'golois/test.sgf'

?17 vertex must not be empty

? cannot open or parse 'golois/web000103.sgf'

?18 vertex must not be empty

