
Sjeng version SPEC 1.0, Copyright (C) 2000-2005 Gian-Carlo Pascutto

SPEC Workload

  +----+----+----+----+----+----+----+----+
8 | *R |    |    |    | *K | *B |    | *R |
  +----+----+----+----+----+----+----+----+
7 |    |    |    | *N |    | *P | *P |    |
  +----+----+----+----+----+----+----+----+
6 | *P |    |    |    |    |    |    | *P |
  +----+----+----+----+----+----+----+----+
5 |    |    | *P |  P | *P |    |    | *Q |
  +----+----+----+----+----+----+----+----+
4 |  P | *P |    |    |  N |    |    |    |
  +----+----+----+----+----+----+----+----+
3 |    |    |    |  B |    |    |  P |  P |
  +----+----+----+----+----+----+----+----+
2 |    |  P |  Q |    |    |  P |    |    |
  +----+----+----+----+----+----+----+----+
1 |  R |    |    |    |  K |    |    |  R |
  +----+----+----+----+----+----+----+----+

     a    b    c    d    e    f    g    h

EPD: r3kb1r/3n1pp1/p6p/2pPp2q/Pp2N3/3B2PP/1PQ2P2/R3K2R w KQkq - bm d6; id "LCT2-POS-01";

Searching to 10 ply
Opening phase.
Time for move : 1000000
 2 -0.61       108 d6 ??
 2 -0.60       257 Qd1 !
 2 -0.48       490 Be2 !
 2 -0.39       615 Be2 Qg6 
 3 -0.04       949 Be2 !!
 3  0.10      1232 Be2 Qg6 O-O 
 3  0.10      2219 Be2 Qg6 O-O 
 4 -0.07      3017 Be2 Qg6 O-O Be7 
 4 -0.07      4689 Be2 Qg6 O-O Be7 
 5 -0.16      7202 Be2 Qg6 O-O b3 Qc4 Be7 
