Setting Default Parameters...
Parsing Configfile encoder.cfg